#0 building with "desktop-linux" instance using docker driver

#1 [internal] load build definition from Dockerfile.docx
#1 transferring dockerfile: 912B done
#1 DONE 0.0s

#2 [internal] load metadata for docker.io/library/aeep-sol61-successor-control@sha256:85fa95d74a3124ea35015e747645fe85be03277bee04598675928a822987532d
#2 DONE 66.8s

#3 [internal] load .dockerignore
#3 transferring context: 2B done
#3 DONE 0.0s

#4 [internal] load build context
#4 DONE 0.0s

#5 [common 1/5] FROM docker.io/library/aeep-sol61-successor-control@sha256:85fa95d74a3124ea35015e747645fe85be03277bee04598675928a822987532d
#5 resolve docker.io/library/aeep-sol61-successor-control@sha256:85fa95d74a3124ea35015e747645fe85be03277bee04598675928a822987532d
#5 resolve docker.io/library/aeep-sol61-successor-control@sha256:85fa95d74a3124ea35015e747645fe85be03277bee04598675928a822987532d 0.6s done
#5 DONE 0.8s

#4 [internal] load build context
#4 transferring context: 5.05MB 0.1s done
#4 DONE 0.1s

#6 [common 2/5] RUN python3 -c "import sys; assert sys.version_info[:2] == (3, 13), sys.version"
#6 DONE 0.1s

#7 [common 3/5] COPY wheels/ /tmp/wheels/
#7 DONE 0.0s

#8 [common 4/5] COPY requirements-docx.lock /tmp/requirements-docx.lock
#8 DONE 0.0s

#9 [common 5/5] RUN python3 -m pip install --no-index --find-links=/tmp/wheels --require-hashes -r /tmp/requirements-docx.lock && rm -rf /tmp/wheels /tmp/requirements-docx.lock
#9 0.281 Looking in links: /tmp/wheels
#9 0.281 Requirement already satisfied: et_xmlfile==2.0.0 in /usr/local/lib/python3.13/site-packages (from -r /tmp/requirements-docx.lock (line 1)) (2.0.0)
#9 0.281 Requirement already satisfied: numpy==2.2.6 in /usr/local/lib/python3.13/site-packages (from -r /tmp/requirements-docx.lock (line 2)) (2.2.6)
#9 0.281 Requirement already satisfied: openpyxl==3.1.5 in /usr/local/lib/python3.13/site-packages (from -r /tmp/requirements-docx.lock (line 3)) (3.1.5)
#9 0.282 Requirement already satisfied: pandas==2.3.2 in /usr/local/lib/python3.13/site-packages (from -r /tmp/requirements-docx.lock (line 4)) (2.3.2)
#9 0.282 Requirement already satisfied: python_dateutil==2.9.0.post0 in /usr/local/lib/python3.13/site-packages (from -r /tmp/requirements-docx.lock (line 5)) (2.9.0.post0)
#9 0.282 Requirement already satisfied: pytz==2025.2 in /usr/local/lib/python3.13/site-packages (from -r /tmp/requirements-docx.lock (line 6)) (2025.2)
#9 0.282 Requirement already satisfied: six==1.17.0 in /usr/local/lib/python3.13/site-packages (from -r /tmp/requirements-docx.lock (line 7)) (1.17.0)
#9 0.282 Requirement already satisfied: tzdata==2025.2 in /usr/local/lib/python3.13/site-packages (from -r /tmp/requirements-docx.lock (line 8)) (2025.2)
#9 0.285 Processing /tmp/wheels/lxml-5.4.0-cp313-cp313-manylinux_2_17_aarch64.manylinux2014_aarch64.whl (from -r /tmp/requirements-docx.lock (line 9))
#9 0.293 Processing /tmp/wheels/python_docx-1.1.2-py3-none-any.whl (from -r /tmp/requirements-docx.lock (line 10))
#9 0.295 Processing /tmp/wheels/typing_extensions-4.15.0-py3-none-any.whl (from -r /tmp/requirements-docx.lock (line 11))
#9 0.333 Installing collected packages: typing_extensions, lxml, python-docx
#9 0.506 
#9 0.507 Successfully installed lxml-5.4.0 python-docx-1.1.2 typing_extensions-4.15.0
#9 0.508 WARNING: Running pip as the 'root' user can result in broken permissions and conflicting behaviour with the system package manager, possibly rendering your system unusable. It is recommended to use a virtual environment instead: https://pip.pypa.io/warnings/venv. Use the --root-user-action option if you know what you are doing and want to suppress this warning.
#9 DONE 0.6s

#10 exporting to image
#10 exporting layers
#10 exporting layers 0.3s done
#10 exporting manifest sha256:be9c670bd48bdf784f6a4db8e13e7687f4ebdb7be69ba5c065a44de8ca14ce80 done
#10 exporting config sha256:2c5df686aea674b2f484c2f33a5442e93b01943b76b9dd06b346ae16c56495ee done
#10 exporting attestation manifest sha256:ea4b389acc81a7216e0fffbed23cd91a3fbbd139980408341c060b82820fed8c done
#10 exporting manifest list sha256:4817f921c3001597acd0fc3d22f35f1f0ee012dda866bdd1ac66bd386cc6de27 done
#10 naming to docker.io/library/aeep-skillsbench-docx-control:luna-xhigh-20261002 done
#10 unpacking to docker.io/library/aeep-skillsbench-docx-control:luna-xhigh-20261002 0.1s done
#10 DONE 0.5s
