Exact argv: /Library/Frameworks/Python.framework/Versions/3.13/bin/python3 scripts/check_assessment_coverage.py /Users/edwintse/Documents/aeep-agent-router/reports/v08/delivery-boundary-coverage-bcbef9aa86a9.json
configured setup scope: 26/28 branches (92.86%)
current grant validity: 2/2 branches (100.00%)
reviewed grader diagnostics: 4/4 branches (100.00%)
paired inspection authority: 16/16 branches (100.00%)
worker inspection authority: 4/4 branches (100.00%)
worker inspection cleanup: 8/8 branches (100.00%)
operator sign-in authority: 11/12 branches (91.67%)
pilot cost lineage: 12/12 branches (100.00%)
pilot calibration scope: 10/10 branches (100.00%)
conformance bootstrap authority: 21/22 branches (95.45%)
pilot holdout separation: 4/4 branches (100.00%)
differential environment: 15/16 branches (93.75%)
budget amendment: 10/10 branches (100.00%)
incremental utility: 9/10 branches (90.00%)
utility measurements: 6/6 branches (100.00%)
paired utility decisions: 13/14 branches (92.86%)
boundary verification: 20/20 branches (100.00%)
production worker binding: 8/8 branches (100.00%)
scope amendment transaction: 21/22 branches (95.45%)
capability eligibility: 2/2 branches (100.00%)
applicability: 27/28 branches (96.43%)
authorization: 6/6 branches (100.00%)
durable budget reservation: 6/6 branches (100.00%)
budget completion: 12/12 branches (100.00%)
atomic admission: 23/24 branches (95.83%)
