........................................................................ [  6%]
........................................................................ [ 13%]
........................................................................ [ 20%]
........................................................................ [ 27%]
........................................................................ [ 34%]
........................................................................ [ 41%]
........................................................................ [ 48%]
........................................................................ [ 55%]
........................................................................ [ 61%]
........................................................................ [ 68%]
........................................................................ [ 75%]
..........s...................................ss..........s.........ss.. [ 82%]
.s...............................................................ssss... [ 89%]
................................................................ss...... [ 96%]
...........s...................s.......                                  [100%]
=============================== warnings summary ===============================
../../../../Library/Frameworks/Python.framework/Versions/3.13/lib/python3.13/site-packages/fastapi/testclient.py:1
  /Library/Frameworks/Python.framework/Versions/3.13/lib/python3.13/site-packages/fastapi/testclient.py:1: StarletteDeprecationWarning: Using `httpx` with `starlette.testclient` is deprecated; install `httpx2` instead.
    from starlette.testclient import TestClient as TestClient  # noqa

-- Docs: https://docs.pytest.org/en/stable/how-to/capture-warnings.html
